Using pre-set license
Built from '2022.3/release' branch; Version is '2022.3.48f1 (8bf49c377ebf) revision 9172124'; Using compiler version '192829333'; Build Type 'Release'
OS: 'Windows 11  (10.0.26100) 64bit CoreSingleLanguage' Language: 'en' Physical Memory: 15577 MB
BatchMode: 1, IsHumanControllingUs: 0, StartBugReporterOnCrash: 0, Is64bit: 1, IsPro: 1

COMMAND LINE ARGUMENTS:
C:\Unity\Unity\2022.3.48f1\Editor\Unity.exe
-adb2
-batchMode
-noUpm
-name
AssetImportWorker0
-projectPath
C:/Unity/Unity Game/SignWuest
-logFile
Logs/AssetImportWorker0.log
-srvPort
58213
Successfully changed project path to: C:/Unity/Unity Game/SignWuest
C:/Unity/Unity Game/SignWuest
[UnityMemory] Configuration Parameters - Can be set up in boot.config
    "memorysetup-bucket-allocator-granularity=16"
    "memorysetup-bucket-allocator-bucket-count=8"
    "memorysetup-bucket-allocator-block-size=33554432"
    "memorysetup-bucket-allocator-block-count=8"
    "memorysetup-main-allocator-block-size=16777216"
    "memorysetup-thread-allocator-block-size=16777216"
    "memorysetup-gfx-main-allocator-block-size=16777216"
    "memorysetup-gfx-thread-allocator-block-size=16777216"
    "memorysetup-cache-allocator-block-size=4194304"
    "memorysetup-typetree-allocator-block-size=2097152"
    "memorysetup-profiler-bucket-allocator-granularity=16"
    "memorysetup-profiler-bucket-allocator-bucket-count=8"
    "memorysetup-profiler-bucket-allocator-block-size=33554432"
    "memorysetup-profiler-bucket-allocator-block-count=8"
    "memorysetup-profiler-allocator-block-size=16777216"
    "memorysetup-profiler-editor-allocator-block-size=1048576"
    "memorysetup-temp-allocator-size-main=16777216"
    "memorysetup-job-temp-allocator-block-size=2097152"
    "memorysetup-job-temp-allocator-block-size-background=1048576"
    "memorysetup-job-temp-allocator-reduction-small-platforms=262144"
    "memorysetup-allocator-temp-initial-block-size-main=262144"
    "memorysetup-allocator-temp-initial-block-size-worker=262144"
    "memorysetup-temp-allocator-size-background-worker=32768"
    "memorysetup-temp-allocator-size-job-worker=262144"
    "memorysetup-temp-allocator-size-preload-manager=33554432"
    "memorysetup-temp-allocator-size-nav-mesh-worker=65536"
    "memorysetup-temp-allocator-size-audio-worker=65536"
    "memorysetup-temp-allocator-size-cloud-worker=32768"
    "memorysetup-temp-allocator-size-gi-baking-worker=262144"
    "memorysetup-temp-allocator-size-gfx=262144"
Player connection [29668]  Target information:

Player connection [29668]  * "[IP] 192.168.1.3 [Port] 0 [Flags] 2 [Guid] 439157813 [EditorId] 439157813 [Version] 1048832 [Id] WindowsEditor(7,LAPTOP-LSJ63DOT) [Debug] 1 [PackageName] WindowsEditor [ProjectName] Editor" 

Player connection [29668] Host joined multi-casting on [225.0.0.222:54997]...
Player connection [29668] Host joined alternative multi-casting on [225.0.0.222:34997]...
[PhysX] Initialized MultithreadedTaskDispatcher with 32 workers.
Refreshing native plugins compatible for Editor in 7.86 ms, found 5 plugins.
Preloading 0 native plugins for Editor in 0.00 ms.
Initialize engine version: 2022.3.48f1 (8bf49c377ebf)
[Subsystems] Discovering subsystems at path C:/Unity/Unity/2022.3.48f1/Editor/Data/Resources/UnitySubsystems
[Subsystems] Discovering subsystems at path C:/Unity/Unity Game/SignWuest/Assets
GfxDevice: creating device client; threaded=0; jobified=0
Direct3D:
    Version:  Direct3D 11.0 [level 11.1]
    Renderer: NVIDIA GeForce RTX 5050 Laptop GPU (ID=0x2dd8)
    Vendor:   NVIDIA
    VRAM:     7822 MB
    Driver:   32.0.15.7702
Shader 'MoreMountains/MMRipple': fallback shader 'Particle/AlphaBlended' not found
Initialize mono
Mono path[0] = 'C:/Unity/Unity/2022.3.48f1/Editor/Data/Managed'
Mono path[1] = 'C:/Unity/Unity/2022.3.48f1/Editor/Data/MonoBleedingEdge/lib/mono/unityjit-win32'
Mono config path = 'C:/Unity/Unity/2022.3.48f1/Editor/Data/MonoBleedingEdge/etc'
Using monoOptions --debugger-agent=transport=dt_socket,embedding=1,server=y,suspend=n,address=127.0.0.1:56976
Begin MonoManager ReloadAssembly
Registering precompiled unity dll's ...
Register platform support module: C:/Unity/Unity/2022.3.48f1/Editor/Data/PlaybackEngines/AndroidPlayer/UnityEditor.Android.Extensions.dll
Register platform support module: C:/Unity/Unity/2022.3.48f1/Editor/Data/PlaybackEngines/iOSSupport/UnityEditor.iOS.Extensions.dll
Register platform support module: C:/Unity/Unity/2022.3.48f1/Editor/Data/PlaybackEngines/WindowsStandaloneSupport/UnityEditor.WindowsStandalone.Extensions.dll
Registered in 0.007608 seconds.
- Loaded All Assemblies, in  0.278 seconds
Native extension for WindowsStandalone target not found
[usbmuxd] Start listen thread
[usbmuxd] Listen thread started
Native extension for iOS target not found
Native extension for Android target not found
Android Extension - Scanning For ADB Devices 268 ms
Mono: successfully reloaded assembly
- Finished resetting the current domain, in  0.480 seconds
Domain Reload Profiling: 756ms
	BeginReloadAssembly (95ms)
		ExecutionOrderSort (0ms)
		DisableScriptedObjects (0ms)
		BackupInstance (0ms)
		ReleaseScriptingObjects (0ms)
		CreateAndSetChildDomain (1ms)
	RebuildCommonClasses (22ms)
	RebuildNativeTypeToScriptingClass (7ms)
	initialDomainReloadingComplete (41ms)
	LoadAllAssembliesAndSetupDomain (111ms)
		LoadAssemblies (94ms)
		RebuildTransferFunctionScriptingTraits (0ms)
		AnalyzeDomain (108ms)
			TypeCache.Refresh (107ms)
				TypeCache.ScanAssembly (96ms)
			ScanForSourceGeneratedMonoScriptInfo (0ms)
			ResolveRequiredComponents (0ms)
	FinalizeReload (480ms)
		ReleaseScriptCaches (0ms)
		RebuildScriptCaches (0ms)
		SetupLoadedEditorAssemblies (446ms)
			LogAssemblyErrors (0ms)
			InitializePlatformSupportModulesInManaged (328ms)
			SetLoadedEditorAssemblies (3ms)
			RefreshPlugins (0ms)
			BeforeProcessingInitializeOnLoad (1ms)
			ProcessInitializeOnLoadAttributes (82ms)
			ProcessInitializeOnLoadMethodAttributes (31ms)
			AfterProcessingInitializeOnLoad (0ms)
			EditorAssembliesLoaded (0ms)
		ExecutionOrderSort2 (0ms)
		AwakeInstancesAfterBackupRestoration (0ms)
Assembly reference Packages/com.unity.cinemachine/Editor/Samples/ExposeHDRPInternals/HDRP-Editor-ref.asmref has no target assembly definition
========================================================================
Worker process is ready to serve import requests
Caller must complete domain reload
Assembly reference Packages/com.unity.cinemachine/Editor/Samples/ExposeHDRPInternals/HDRP-Editor-ref.asmref has no target assembly definition
Begin MonoManager ReloadAssembly
- Loaded All Assemblies, in  0.738 seconds
Native extension for WindowsStandalone target not found
Native extension for iOS target not found
Native extension for Android target not found
Assembly reference Packages/com.unity.cinemachine/Editor/Samples/ExposeHDRPInternals/HDRP-Editor-ref.asmref has no target assembly definition
Package Manager log level set to [2]
[Package Manager] Server::EnsureServerProcessIsRunning -- launch failed, reason: Unity was launched with the -noUpm command-line argument
[Package Manager] UpmClient::Send -- Unable to send message (not connected to UPM process).
[Package Manager] Cannot connect to Unity Package Manager local server
[Package Manager] Server::EnsureServerProcessIsRunning -- launch failed, reason: Unity was launched with the -noUpm command-line argument
[Package Manager] UpmClient::Send -- Unable to send message (not connected to UPM process).
[Package Manager] Cannot connect to Unity Package Manager local server
Mono: successfully reloaded assembly
- Finished resetting the current domain, in  1.811 seconds
Domain Reload Profiling: 2547ms
	BeginReloadAssembly (127ms)
		ExecutionOrderSort (0ms)
		DisableScriptedObjects (4ms)
		BackupInstance (0ms)
		ReleaseScriptingObjects (0ms)
		CreateAndSetChildDomain (21ms)
	RebuildCommonClasses (23ms)
	RebuildNativeTypeToScriptingClass (7ms)
	initialDomainReloadingComplete (23ms)
	LoadAllAssembliesAndSetupDomain (556ms)
		LoadAssemblies (408ms)
		RebuildTransferFunctionScriptingTraits (0ms)
		AnalyzeDomain (225ms)
			TypeCache.Refresh (185ms)
				TypeCache.ScanAssembly (162ms)
			ScanForSourceGeneratedMonoScriptInfo (26ms)
			ResolveRequiredComponents (12ms)
	FinalizeReload (1812ms)
		ReleaseScriptCaches (0ms)
		RebuildScriptCaches (0ms)
		SetupLoadedEditorAssemblies (1661ms)
			LogAssemblyErrors (0ms)
			InitializePlatformSupportModulesInManaged (18ms)
			SetLoadedEditorAssemblies (4ms)
			RefreshPlugins (0ms)
			BeforeProcessingInitializeOnLoad (72ms)
			ProcessInitializeOnLoadAttributes (1507ms)
			ProcessInitializeOnLoadMethodAttributes (55ms)
			AfterProcessingInitializeOnLoad (5ms)
			EditorAssembliesLoaded (0ms)
		ExecutionOrderSort2 (0ms)
		AwakeInstancesAfterBackupRestoration (5ms)
Shader 'MoreMountains/MMRipple': fallback shader 'Particle/AlphaBlended' not found
Launched and connected shader compiler UnityShaderCompiler.exe after 0.05 seconds
Refreshing native plugins compatible for Editor in 7.64 ms, found 5 plugins.
Preloading 0 native plugins for Editor in 0.00 ms.
Unloading 6742 Unused Serialized files (Serialized files now loaded: 0)
Unloading 40 unused Assets / (2.1 MB). Loaded Objects now: 7210.
Memory consumption went from 343.0 MB to 340.8 MB.
Total: 12.686600 ms (FindLiveObjects: 1.751200 ms CreateObjectMapping: 0.421800 ms MarkObjects: 8.851800 ms  DeleteObjects: 1.660000 ms)

AssetImportParameters requested are different than current active one (requested -> active):
  custom:container-demuxer-ogg: 62fdf1f143b41e24485cea50d1cbac27 -> 
  custom:framework-win-MediaFoundation: 216162199b28c13a410421893ffa2e32 -> 
  custom:container-muxer-webm: aa71ff27fc2769a1b78a27578f13a17b -> 
  custom:video-decoder-webm-vp8: 9c59270c3fd7afecdb556c50c9e8de78 -> 
  custom:SearchIndexIgnoredProperties: e643bd26f0fe6173181afceb89e7c659 -> 
  custom:AudioImporter_EditorPlatform: d09bf68614088b80899f8185d706f6e7 -> 
  custom:audio-decoder-ogg-vorbis: bf7c407c2cedff20999df2af8eb42d56 -> 
  custom:audio-encoder-webm-vorbis: bf7c407c2cedff20999df2af8eb42d56 -> 
  custom:video-codec-MediaFoundation-h265: 746d11721c4dcdbdad8f713fa42b33f4 -> 
  custom:video-decoder-ogg-theora: a1e56fd34408186e4bbccfd4996cb3dc -> 
  custom:CustomObjectIndexerAttribute: 9a22284fe3817be447336de3de66b15e -> 
  custom:container-demuxer-webm: 4f35f7cbe854078d1ac9338744f61a02 -> 
  custom:video-encoder-webm-vp8: eb34c28f22e8b96e1ab97ce403110664 -> 
========================================================================
Received Import Request.
  Time since last request: 164421.080782 seconds.
  path: Assets/3rdParty/ElvGames/Fantasy Dreamland Reborn/Winter Village/Sprites/FDR_Winter_Village.png
  artifactKey: Guid(aa37f3bb64e9dcb4daae946fe5d09fc3) Importer(815301076,1909f56bfc062723c751e8b465ee728b)
Start importing Assets/3rdParty/ElvGames/Fantasy Dreamland Reborn/Winter Village/Sprites/FDR_Winter_Village.png using Guid(aa37f3bb64e9dcb4daae946fe5d09fc3) Importer(815301076,1909f56bfc062723c751e8b465ee728b) [PhysX] Initialized MultithreadedTaskDispatcher with 32 workers.
[PhysX] Initialized MultithreadedTaskDispatcher with 32 workers.
 -> (artifact id: '5d043dbc049f5a749db332b63c2c4bff') in 1.013798 seconds
Number of updated asset objects reloaded before import = 0
Number of asset objects unloaded after import = 842
========================================================================
Received Import Request.
  Time since last request: 0.000042 seconds.
  path: Assets/3rdParty/ElvGames/Fantasy Dreamland/Tilesets/Village/FD_Village.prefab
  artifactKey: Guid(1575f8f7adca1324d8884c543729aeb3) Importer(815301076,1909f56bfc062723c751e8b465ee728b)
Start importing Assets/3rdParty/ElvGames/Fantasy Dreamland/Tilesets/Village/FD_Village.prefab using Guid(1575f8f7adca1324d8884c543729aeb3) Importer(815301076,1909f56bfc062723c751e8b465ee728b) [PhysX] Initialized MultithreadedTaskDispatcher with 32 workers.
[PhysX] Initialized MultithreadedTaskDispatcher with 32 workers.
 -> (artifact id: 'd32b37fa606136d8ef2ed9daa6bb3801') in 0.817226 seconds
Number of updated asset objects reloaded before import = 0
Number of asset objects unloaded after import = 2219
========================================================================
Received Import Request.
  Time since last request: 0.000030 seconds.
  path: Assets/3rdParty/ElvGames/Fantasy Dreamland Reborn/Winter Village/Tiles/FDR_Winter_Village_4.asset
  artifactKey: Guid(ad8c67c4fb332d44b9ac57b150a30c68) Importer(815301076,1909f56bfc062723c751e8b465ee728b)
Start importing Assets/3rdParty/ElvGames/Fantasy Dreamland Reborn/Winter Village/Tiles/FDR_Winter_Village_4.asset using Guid(ad8c67c4fb332d44b9ac57b150a30c68) Importer(815301076,1909f56bfc062723c751e8b465ee728b) [PhysX] Initialized MultithreadedTaskDispatcher with 32 workers.
 -> (artifact id: '48042f370570f3cb08d97cd67ae8670d') in 0.007577 seconds
Number of updated asset objects reloaded before import = 0
Number of asset objects unloaded after import = 3
========================================================================
Received Import Request.
  Time since last request: 0.000033 seconds.
  path: Assets/3rdParty/ElvGames/Fantasy Dreamland/Tilesets/Caves/Animations/Caves_Ani 11.asset
  artifactKey: Guid(e4ad1ab7ec21c9e4eaf1d34e46cebc08) Importer(815301076,1909f56bfc062723c751e8b465ee728b)
Start importing Assets/3rdParty/ElvGames/Fantasy Dreamland/Tilesets/Caves/Animations/Caves_Ani 11.asset using Guid(e4ad1ab7ec21c9e4eaf1d34e46cebc08) Importer(815301076,1909f56bfc062723c751e8b465ee728b) [PhysX] Initialized MultithreadedTaskDispatcher with 32 workers.
 -> (artifact id: 'a6134590f8fc7bab5f39c39f523c61a0') in 0.001487 seconds
Number of updated asset objects reloaded before import = 0
Number of asset objects unloaded after import = 5
========================================================================
Received Import Request.
  Time since last request: 0.000013 seconds.
  path: Assets/3rdParty/ElvGames/Fantasy Dreamland/Tilesets/Village/Tiles/FD_Village_42.asset
  artifactKey: Guid(5c6acf82632df764faeb47856a27e3fa) Importer(815301076,1909f56bfc062723c751e8b465ee728b)
Start importing Assets/3rdParty/ElvGames/Fantasy Dreamland/Tilesets/Village/Tiles/FD_Village_42.asset using Guid(5c6acf82632df764faeb47856a27e3fa) Importer(815301076,1909f56bfc062723c751e8b465ee728b) [PhysX] Initialized MultithreadedTaskDispatcher with 32 workers.
 -> (artifact id: '4c4c87e84f8120b71b4ea5fc69dd364c') in 0.005973 seconds
Number of updated asset objects reloaded before import = 0
Number of asset objects unloaded after import = 3
========================================================================
Received Import Request.
  Time since last request: 0.000019 seconds.
  path: Assets/3rdParty/ElvGames/Fantasy Dreamland/Tilesets/Village/Tiles/FD_Village_935.asset
  artifactKey: Guid(bfb6e704d9bdaef4dad84bbb70a30246) Importer(815301076,1909f56bfc062723c751e8b465ee728b)
Start importing Assets/3rdParty/ElvGames/Fantasy Dreamland/Tilesets/Village/Tiles/FD_Village_935.asset using Guid(bfb6e704d9bdaef4dad84bbb70a30246) Importer(815301076,1909f56bfc062723c751e8b465ee728b) [PhysX] Initialized MultithreadedTaskDispatcher with 32 workers.
 -> (artifact id: '5a22bccca77708748fc37753ea5b0dcb') in 0.005713 seconds
Number of updated asset objects reloaded before import = 0
Number of asset objects unloaded after import = 3
========================================================================
Received Import Request.
  Time since last request: 0.000013 seconds.
  path: Assets/3rdParty/ElvGames/Fantasy Dreamland/Tilesets/Winter Village/Tiles/FD_Winter_Village_863.asset
  artifactKey: Guid(fb104f5f1fe665c44940b28de2af4335) Importer(815301076,1909f56bfc062723c751e8b465ee728b)
Start importing Assets/3rdParty/ElvGames/Fantasy Dreamland/Tilesets/Winter Village/Tiles/FD_Winter_Village_863.asset using Guid(fb104f5f1fe665c44940b28de2af4335) Importer(815301076,1909f56bfc062723c751e8b465ee728b) [PhysX] Initialized MultithreadedTaskDispatcher with 32 workers.
 -> (artifact id: '68cb5416a4d7e30d2ff1882c1cdb7aff') in 0.006564 seconds
Number of updated asset objects reloaded before import = 0
Number of asset objects unloaded after import = 3
========================================================================
Received Import Request.
  Time since last request: 0.000026 seconds.
  path: Assets/3rdParty/ElvGames/Fantasy Dreamland Reborn/Winter Village/Tiles/FDR_Winter_Village_512.asset
  artifactKey: Guid(b58530adbeaa96842b6e3f2e5dd53b65) Importer(815301076,1909f56bfc062723c751e8b465ee728b)
Start importing Assets/3rdParty/ElvGames/Fantasy Dreamland Reborn/Winter Village/Tiles/FDR_Winter_Village_512.asset using Guid(b58530adbeaa96842b6e3f2e5dd53b65) Importer(815301076,1909f56bfc062723c751e8b465ee728b) [PhysX] Initialized MultithreadedTaskDispatcher with 32 workers.
 -> (artifact id: '556ebef9e67179fce329500c4c7c10f0') in 0.005658 seconds
Number of updated asset objects reloaded before import = 0
Number of asset objects unloaded after import = 3
========================================================================
Received Import Request.
  Time since last request: 0.000018 seconds.
  path: Assets/3rdParty/ElvGames/Fantasy Dreamland/Tilesets/Village/Tiles/FD_Village_831.asset
  artifactKey: Guid(cd3789099fc7fee4c9b9db12f11e7d08) Importer(815301076,1909f56bfc062723c751e8b465ee728b)
Start importing Assets/3rdParty/ElvGames/Fantasy Dreamland/Tilesets/Village/Tiles/FD_Village_831.asset using Guid(cd3789099fc7fee4c9b9db12f11e7d08) Importer(815301076,1909f56bfc062723c751e8b465ee728b) [PhysX] Initialized MultithreadedTaskDispatcher with 32 workers.
 -> (artifact id: '28bd0005cff588f6905b7da7ecea8761') in 0.005164 seconds
Number of updated asset objects reloaded before import = 0
Number of asset objects unloaded after import = 3
========================================================================
Received Import Request.
  Time since last request: 0.000029 seconds.
  path: Assets/3rdParty/ElvGames/Fantasy Dreamland Reborn/Village/Tiles/FDR_Village_653.asset
  artifactKey: Guid(83c135f25141f494aa6e68e932134192) Importer(815301076,1909f56bfc062723c751e8b465ee728b)
Start importing Assets/3rdParty/ElvGames/Fantasy Dreamland Reborn/Village/Tiles/FDR_Village_653.asset using Guid(83c135f25141f494aa6e68e932134192) Importer(815301076,1909f56bfc062723c751e8b465ee728b) [PhysX] Initialized MultithreadedTaskDispatcher with 32 workers.
 -> (artifact id: '234be60078aef22be578d0d52d57ba01') in 0.007608 seconds
Number of updated asset objects reloaded before import = 0
Number of asset objects unloaded after import = 3
========================================================================
Received Import Request.
  Time since last request: 0.000022 seconds.
  path: Assets/3rdParty/ElvGames/Fantasy Dreamland/Tilesets/Village/Tiles/FD_Village_850.asset
  artifactKey: Guid(b2b341ceceaad014090c6ca75993803e) Importer(815301076,1909f56bfc062723c751e8b465ee728b)
Start importing Assets/3rdParty/ElvGames/Fantasy Dreamland/Tilesets/Village/Tiles/FD_Village_850.asset using Guid(b2b341ceceaad014090c6ca75993803e) Importer(815301076,1909f56bfc062723c751e8b465ee728b) [PhysX] Initialized MultithreadedTaskDispatcher with 32 workers.
 -> (artifact id: '12b731295bb67a06b464694b5567acf9') in 0.004445 seconds
Number of updated asset objects reloaded before import = 0
Number of asset objects unloaded after import = 3
========================================================================
Received Import Request.
  Time since last request: 0.000012 seconds.
  path: Assets/3rdParty/ElvGames/Fantasy Dreamland/Tilesets/Village/FD_Village.png
  artifactKey: Guid(82034a1642b03504f96ecbae32401d8d) Importer(815301076,1909f56bfc062723c751e8b465ee728b)
Start importing Assets/3rdParty/ElvGames/Fantasy Dreamland/Tilesets/Village/FD_Village.png using Guid(82034a1642b03504f96ecbae32401d8d) Importer(815301076,1909f56bfc062723c751e8b465ee728b) [PhysX] Initialized MultithreadedTaskDispatcher with 32 workers.
[PhysX] Initialized MultithreadedTaskDispatcher with 32 workers.
 -> (artifact id: '95191d133923048907a7a68b3372bce5') in 1.131598 seconds
Number of updated asset objects reloaded before import = 0
Number of asset objects unloaded after import = 1106
========================================================================
Received Prepare
Shader 'MoreMountains/MMRipple': fallback shader 'Particle/AlphaBlended' not found
Refreshing native plugins compatible for Editor in 5.90 ms, found 5 plugins.
Preloading 0 native plugins for Editor in 0.00 ms.
Unloading 15 Unused Serialized files (Serialized files now loaded: 0)
Unloading 16 unused Assets / (2.1 MB). Loaded Objects now: 7225.
Memory consumption went from 220.8 MB to 218.7 MB.
Total: 13.106700 ms (FindLiveObjects: 1.811200 ms CreateObjectMapping: 1.102500 ms MarkObjects: 8.751000 ms  DeleteObjects: 1.440100 ms)

Prepare: number of updated asset objects reloaded= 0
AssetImportParameters requested are different than current active one (requested -> active):
  custom:container-demuxer-ogg: 62fdf1f143b41e24485cea50d1cbac27 -> 
  custom:framework-win-MediaFoundation: 216162199b28c13a410421893ffa2e32 -> 
  custom:container-muxer-webm: aa71ff27fc2769a1b78a27578f13a17b -> 
  custom:video-decoder-webm-vp8: 9c59270c3fd7afecdb556c50c9e8de78 -> 
  custom:SearchIndexIgnoredProperties: e643bd26f0fe6173181afceb89e7c659 -> 
  custom:AudioImporter_EditorPlatform: d09bf68614088b80899f8185d706f6e7 -> 
  custom:audio-decoder-ogg-vorbis: bf7c407c2cedff20999df2af8eb42d56 -> 
  custom:audio-encoder-webm-vorbis: bf7c407c2cedff20999df2af8eb42d56 -> 
  custom:video-codec-MediaFoundation-h265: 746d11721c4dcdbdad8f713fa42b33f4 -> 
  custom:video-decoder-ogg-theora: a1e56fd34408186e4bbccfd4996cb3dc -> 
  custom:CustomObjectIndexerAttribute: 9a22284fe3817be447336de3de66b15e -> 
  custom:container-demuxer-webm: 4f35f7cbe854078d1ac9338744f61a02 -> 
  custom:video-encoder-webm-vp8: eb34c28f22e8b96e1ab97ce403110664 -> 
========================================================================
Received Import Request.
  Time since last request: 151.474345 seconds.
  path: Assets/3rdParty/ElvGames/Fantasy Dreamland Reborn/Winter Village/Tiles/FDR_Winter_Village_821.asset
  artifactKey: Guid(ad2b13f5f9973e54e866214f27d4b36f) Importer(815301076,1909f56bfc062723c751e8b465ee728b)
Start importing Assets/3rdParty/ElvGames/Fantasy Dreamland Reborn/Winter Village/Tiles/FDR_Winter_Village_821.asset using Guid(ad2b13f5f9973e54e866214f27d4b36f) Importer(815301076,1909f56bfc062723c751e8b465ee728b) [PhysX] Initialized MultithreadedTaskDispatcher with 32 workers.
 -> (artifact id: '905535c7e88896f54307d05b92e6a3e7') in 0.014189 seconds
Number of updated asset objects reloaded before import = 0
Number of asset objects unloaded after import = 3
========================================================================
Received Import Request.
  Time since last request: 0.000019 seconds.
  path: Assets/3rdParty/ElvGames/Fantasy Dreamland Reborn/Winter Village/Tiles/FDR_Winter_Village_822.asset
  artifactKey: Guid(30054dfc79868834586f9850060087bc) Importer(815301076,1909f56bfc062723c751e8b465ee728b)
Start importing Assets/3rdParty/ElvGames/Fantasy Dreamland Reborn/Winter Village/Tiles/FDR_Winter_Village_822.asset using Guid(30054dfc79868834586f9850060087bc) Importer(815301076,1909f56bfc062723c751e8b465ee728b) [PhysX] Initialized MultithreadedTaskDispatcher with 32 workers.
 -> (artifact id: '3feb6a3bccc06c7d50d3ba4b9ff32c3e') in 0.009327 seconds
Number of updated asset objects reloaded before import = 0
Number of asset objects unloaded after import = 3
========================================================================
Received Import Request.
  Time since last request: 0.000018 seconds.
  path: Assets/3rdParty/ElvGames/Fantasy Dreamland Reborn/Winter Village/Tiles/FDR_Winter_Village_823.asset
  artifactKey: Guid(979c122d855eb5049a1ecdae245018f9) Importer(815301076,1909f56bfc062723c751e8b465ee728b)
Start importing Assets/3rdParty/ElvGames/Fantasy Dreamland Reborn/Winter Village/Tiles/FDR_Winter_Village_823.asset using Guid(979c122d855eb5049a1ecdae245018f9) Importer(815301076,1909f56bfc062723c751e8b465ee728b) [PhysX] Initialized MultithreadedTaskDispatcher with 32 workers.
 -> (artifact id: '5821920dce90c6ad3ca59430daf9aa65') in 0.005542 seconds
Number of updated asset objects reloaded before import = 0
Number of asset objects unloaded after import = 3
========================================================================
Received Import Request.
  Time since last request: 0.000012 seconds.
  path: Assets/3rdParty/ElvGames/Fantasy Dreamland Reborn/Winter Village/Tiles/FDR_Winter_Village_817.asset
  artifactKey: Guid(2ecd7283f94db3e42b541057e701e8cd) Importer(815301076,1909f56bfc062723c751e8b465ee728b)
Start importing Assets/3rdParty/ElvGames/Fantasy Dreamland Reborn/Winter Village/Tiles/FDR_Winter_Village_817.asset using Guid(2ecd7283f94db3e42b541057e701e8cd) Importer(815301076,1909f56bfc062723c751e8b465ee728b) [PhysX] Initialized MultithreadedTaskDispatcher with 32 workers.
 -> (artifact id: 'c7e37170a3721d8c5f08050dacbf11d0') in 0.004758 seconds
Number of updated asset objects reloaded before import = 0
Number of asset objects unloaded after import = 3
========================================================================
Received Import Request.
  Time since last request: 0.182032 seconds.
  path: Assets/3rdParty/ElvGames/Fantasy Dreamland Reborn/Winter Village/Tiles/FDR_Winter_Village_814.asset
  artifactKey: Guid(8ebae98f03934ce4ea45f31ad19615a3) Importer(815301076,1909f56bfc062723c751e8b465ee728b)
Start importing Assets/3rdParty/ElvGames/Fantasy Dreamland Reborn/Winter Village/Tiles/FDR_Winter_Village_814.asset using Guid(8ebae98f03934ce4ea45f31ad19615a3) Importer(815301076,1909f56bfc062723c751e8b465ee728b) [PhysX] Initialized MultithreadedTaskDispatcher with 32 workers.
 -> (artifact id: '4e829d591349cb6381dfa12db76c9e0b') in 0.004271 seconds
Number of updated asset objects reloaded before import = 0
Number of asset objects unloaded after import = 3
========================================================================
Received Import Request.
  Time since last request: 0.000012 seconds.
  path: Assets/3rdParty/ElvGames/Fantasy Dreamland Reborn/Winter Village/Tiles/FDR_Winter_Village_816.asset
  artifactKey: Guid(70b6b1c40b597d94892788cebcba2253) Importer(815301076,1909f56bfc062723c751e8b465ee728b)
Start importing Assets/3rdParty/ElvGames/Fantasy Dreamland Reborn/Winter Village/Tiles/FDR_Winter_Village_816.asset using Guid(70b6b1c40b597d94892788cebcba2253) Importer(815301076,1909f56bfc062723c751e8b465ee728b) [PhysX] Initialized MultithreadedTaskDispatcher with 32 workers.
 -> (artifact id: 'c016fc134963f1ce623038a262cd0b52') in 0.004249 seconds
Number of updated asset objects reloaded before import = 0
Number of asset objects unloaded after import = 3
========================================================================
Received Import Request.
  Time since last request: 0.014693 seconds.
  path: Assets/3rdParty/ElvGames/Fantasy Dreamland Reborn/Winter Village/Tiles/FDR_Winter_Village_810.asset
  artifactKey: Guid(ef4fae89809c9754ebf8abe9f2e67da8) Importer(815301076,1909f56bfc062723c751e8b465ee728b)
Start importing Assets/3rdParty/ElvGames/Fantasy Dreamland Reborn/Winter Village/Tiles/FDR_Winter_Village_810.asset using Guid(ef4fae89809c9754ebf8abe9f2e67da8) Importer(815301076,1909f56bfc062723c751e8b465ee728b) [PhysX] Initialized MultithreadedTaskDispatcher with 32 workers.
 -> (artifact id: 'efe4ff040f62709efb80725fd6f76dad') in 0.005358 seconds
Number of updated asset objects reloaded before import = 0
Number of asset objects unloaded after import = 3
========================================================================
Received Import Request.
  Time since last request: 0.000014 seconds.
  path: Assets/3rdParty/ElvGames/Fantasy Dreamland Reborn/Winter Village/Tiles/FDR_Winter_Village_811.asset
  artifactKey: Guid(b34d51c67efdcad469362770341ac0fd) Importer(815301076,1909f56bfc062723c751e8b465ee728b)
Start importing Assets/3rdParty/ElvGames/Fantasy Dreamland Reborn/Winter Village/Tiles/FDR_Winter_Village_811.asset using Guid(b34d51c67efdcad469362770341ac0fd) Importer(815301076,1909f56bfc062723c751e8b465ee728b) [PhysX] Initialized MultithreadedTaskDispatcher with 32 workers.
 -> (artifact id: 'c10d52c33c15b08caf1bf90fc22054e5') in 0.004519 seconds
Number of updated asset objects reloaded before import = 0
Number of asset objects unloaded after import = 3
========================================================================
Received Import Request.
  Time since last request: 0.009880 seconds.
  path: Assets/3rdParty/ElvGames/Fantasy Dreamland Reborn/Winter Village/Tiles/FDR_Winter_Village_807.asset
  artifactKey: Guid(88bab0d52c2d23f439104271c6f2e30f) Importer(815301076,1909f56bfc062723c751e8b465ee728b)
Start importing Assets/3rdParty/ElvGames/Fantasy Dreamland Reborn/Winter Village/Tiles/FDR_Winter_Village_807.asset using Guid(88bab0d52c2d23f439104271c6f2e30f) Importer(815301076,1909f56bfc062723c751e8b465ee728b) [PhysX] Initialized MultithreadedTaskDispatcher with 32 workers.
 -> (artifact id: 'faf6e2811fd401cf375df29c4d755d51') in 0.005390 seconds
Number of updated asset objects reloaded before import = 0
Number of asset objects unloaded after import = 3
========================================================================
Received Import Request.
  Time since last request: 5.842280 seconds.
  path: Assets/3rdParty/TopDownEngine/ThirdParty/MoreMountains/MMInterface/Styles/Mini/Prefabs/Buttons/VerticalGradientOrangeToViolet/ButtonMain.prefab
  artifactKey: Guid(fcadedfbec6488947a42f01eb25f5366) Importer(815301076,1909f56bfc062723c751e8b465ee728b)
Start importing Assets/3rdParty/TopDownEngine/ThirdParty/MoreMountains/MMInterface/Styles/Mini/Prefabs/Buttons/VerticalGradientOrangeToViolet/ButtonMain.prefab using Guid(fcadedfbec6488947a42f01eb25f5366) Importer(815301076,1909f56bfc062723c751e8b465ee728b) [PhysX] Initialized MultithreadedTaskDispatcher with 32 workers.
 -> (artifact id: 'b07b9c3a41b3f5df794bf567e6ae4d94') in 0.011151 seconds
Number of updated asset objects reloaded before import = 0
Number of asset objects unloaded after import = 25
========================================================================
Received Import Request.
  Time since last request: 0.000012 seconds.
  path: Assets/3rdParty/TopDownEngine/ThirdParty/MoreMountains/MMInterface/Styles/Mini/Prefabs/Buttons/Blue/ButtonMain.prefab
  artifactKey: Guid(f300d4b2a4c138140abccbe355ad94ac) Importer(815301076,1909f56bfc062723c751e8b465ee728b)
Start importing Assets/3rdParty/TopDownEngine/ThirdParty/MoreMountains/MMInterface/Styles/Mini/Prefabs/Buttons/Blue/ButtonMain.prefab using Guid(f300d4b2a4c138140abccbe355ad94ac) Importer(815301076,1909f56bfc062723c751e8b465ee728b) [PhysX] Initialized MultithreadedTaskDispatcher with 32 workers.
 -> (artifact id: '68350fa860823c8543785187d577306e') in 0.003286 seconds
Number of updated asset objects reloaded before import = 0
Number of asset objects unloaded after import = 23
========================================================================
Received Import Request.
  Time since last request: 0.000012 seconds.
  path: Assets/3rdParty/TopDownEngine/ThirdParty/MoreMountains/MMInterface/Styles/Mini/Prefabs/Buttons/VerticalGradientGreenToCyan/ButtonMain.prefab
  artifactKey: Guid(58d5593197ab5614dbfaf881d40ac89b) Importer(815301076,1909f56bfc062723c751e8b465ee728b)
Start importing Assets/3rdParty/TopDownEngine/ThirdParty/MoreMountains/MMInterface/Styles/Mini/Prefabs/Buttons/VerticalGradientGreenToCyan/ButtonMain.prefab using Guid(58d5593197ab5614dbfaf881d40ac89b) Importer(815301076,1909f56bfc062723c751e8b465ee728b) [PhysX] Initialized MultithreadedTaskDispatcher with 32 workers.
 -> (artifact id: '24996bb61fdb7056fd952f5590f04c44') in 0.002944 seconds
Number of updated asset objects reloaded before import = 0
Number of asset objects unloaded after import = 25
========================================================================
Received Import Request.
  Time since last request: 0.000012 seconds.
  path: Assets/3rdParty/TopDownEngine/Demos/Explodudes/Materials/Characters/ExplodudesYellowMain.mat
  artifactKey: Guid(8c17b93df64dba643a526358dcf87517) Importer(815301076,1909f56bfc062723c751e8b465ee728b)
Start importing Assets/3rdParty/TopDownEngine/Demos/Explodudes/Materials/Characters/ExplodudesYellowMain.mat using Guid(8c17b93df64dba643a526358dcf87517) Importer(815301076,1909f56bfc062723c751e8b465ee728b) [PhysX] Initialized MultithreadedTaskDispatcher with 32 workers.
[PhysX] Initialized MultithreadedTaskDispatcher with 32 workers.
 -> (artifact id: 'ab5c974fea3e8abcc36c4809df48d0ce') in 0.073013 seconds
Number of updated asset objects reloaded before import = 0
Number of asset objects unloaded after import = 3
========================================================================
Received Import Request.
  Time since last request: 0.000029 seconds.
  path: Assets/3rdParty/SPUM/Resources/Units/MainChar.prefab
  artifactKey: Guid(443dabd8e261e454fa22920dd23161b4) Importer(815301076,1909f56bfc062723c751e8b465ee728b)
Start importing Assets/3rdParty/SPUM/Resources/Units/MainChar.prefab using Guid(443dabd8e261e454fa22920dd23161b4) Importer(815301076,1909f56bfc062723c751e8b465ee728b) [PhysX] Initialized MultithreadedTaskDispatcher with 32 workers.
[PhysX] Initialized MultithreadedTaskDispatcher with 32 workers.
 -> (artifact id: 'c8306913ef93d595034e6b3766140968') in 0.089290 seconds
Number of updated asset objects reloaded before import = 0
Number of asset objects unloaded after import = 286
========================================================================
Received Import Request.
  Time since last request: 0.000029 seconds.
  path: Assets/3rdParty/TopDownEngine/ThirdParty/MoreMountains/MMInterface/Styles/Mini/Prefabs/Buttons/DarkerGrey/ButtonMain.prefab
  artifactKey: Guid(6b1034679a57a1149920253ffdc58797) Importer(815301076,1909f56bfc062723c751e8b465ee728b)
Start importing Assets/3rdParty/TopDownEngine/ThirdParty/MoreMountains/MMInterface/Styles/Mini/Prefabs/Buttons/DarkerGrey/ButtonMain.prefab using Guid(6b1034679a57a1149920253ffdc58797) Importer(815301076,1909f56bfc062723c751e8b465ee728b) [PhysX] Initialized MultithreadedTaskDispatcher with 32 workers.
 -> (artifact id: '7625b9edc04c1657b4d9ff48361be944') in 0.006408 seconds
Number of updated asset objects reloaded before import = 0
Number of asset objects unloaded after import = 23
========================================================================
Received Prepare
Shader 'MoreMountains/MMRipple': fallback shader 'Particle/AlphaBlended' not found
Refreshing native plugins compatible for Editor in 7.49 ms, found 5 plugins.
Preloading 0 native plugins for Editor in 0.00 ms.
Unloading 15 Unused Serialized files (Serialized files now loaded: 0)
Unloading 18 unused Assets / (2.1 MB). Loaded Objects now: 7258.
Memory consumption went from 222.0 MB to 219.9 MB.
Total: 16.099400 ms (FindLiveObjects: 2.463600 ms CreateObjectMapping: 1.306900 ms MarkObjects: 10.331900 ms  DeleteObjects: 1.994200 ms)

Prepare: number of updated asset objects reloaded= 0
AssetImportParameters requested are different than current active one (requested -> active):
  custom:container-demuxer-ogg: 62fdf1f143b41e24485cea50d1cbac27 -> 
  custom:framework-win-MediaFoundation: 216162199b28c13a410421893ffa2e32 -> 
  custom:container-muxer-webm: aa71ff27fc2769a1b78a27578f13a17b -> 
  custom:video-decoder-webm-vp8: 9c59270c3fd7afecdb556c50c9e8de78 -> 
  custom:SearchIndexIgnoredProperties: e643bd26f0fe6173181afceb89e7c659 -> 
  custom:AudioImporter_EditorPlatform: d09bf68614088b80899f8185d706f6e7 -> 
  custom:audio-decoder-ogg-vorbis: bf7c407c2cedff20999df2af8eb42d56 -> 
  custom:audio-encoder-webm-vorbis: bf7c407c2cedff20999df2af8eb42d56 -> 
  custom:video-codec-MediaFoundation-h265: 746d11721c4dcdbdad8f713fa42b33f4 -> 
  custom:video-decoder-ogg-theora: a1e56fd34408186e4bbccfd4996cb3dc -> 
  custom:CustomObjectIndexerAttribute: 9a22284fe3817be447336de3de66b15e -> 
  custom:container-demuxer-webm: 4f35f7cbe854078d1ac9338744f61a02 -> 
  custom:video-encoder-webm-vp8: eb34c28f22e8b96e1ab97ce403110664 -> 
========================================================================
Received Prepare
Shader 'MoreMountains/MMRipple': fallback shader 'Particle/AlphaBlended' not found
Refreshing native plugins compatible for Editor in 8.66 ms, found 5 plugins.
Preloading 0 native plugins for Editor in 0.00 ms.
Unloading 16 Unused Serialized files (Serialized files now loaded: 0)
Unloading 16 unused Assets / (2.1 MB). Loaded Objects now: 7258.
Memory consumption went from 222.2 MB to 220.1 MB.
Total: 22.119800 ms (FindLiveObjects: 1.992600 ms CreateObjectMapping: 1.188800 ms MarkObjects: 16.717400 ms  DeleteObjects: 2.219400 ms)

Prepare: number of updated asset objects reloaded= 0
AssetImportParameters requested are different than current active one (requested -> active):
  custom:container-demuxer-ogg: 62fdf1f143b41e24485cea50d1cbac27 -> 
  custom:framework-win-MediaFoundation: 216162199b28c13a410421893ffa2e32 -> 
  custom:container-muxer-webm: aa71ff27fc2769a1b78a27578f13a17b -> 
  custom:video-decoder-webm-vp8: 9c59270c3fd7afecdb556c50c9e8de78 -> 
  custom:SearchIndexIgnoredProperties: e643bd26f0fe6173181afceb89e7c659 -> 
  custom:AudioImporter_EditorPlatform: d09bf68614088b80899f8185d706f6e7 -> 
  custom:audio-decoder-ogg-vorbis: bf7c407c2cedff20999df2af8eb42d56 -> 
  custom:audio-encoder-webm-vorbis: bf7c407c2cedff20999df2af8eb42d56 -> 
  custom:video-codec-MediaFoundation-h265: 746d11721c4dcdbdad8f713fa42b33f4 -> 
  custom:video-decoder-ogg-theora: a1e56fd34408186e4bbccfd4996cb3dc -> 
  custom:CustomObjectIndexerAttribute: 9a22284fe3817be447336de3de66b15e -> 
  custom:container-demuxer-webm: 4f35f7cbe854078d1ac9338744f61a02 -> 
  custom:video-encoder-webm-vp8: eb34c28f22e8b96e1ab97ce403110664 -> 
